Archive member included to satisfy reference by file (symbol)

c:/st/stm32cubeide_1.6.0/stm32cubeide/plugins/com.st.stm32cube.ide.mcu.externaltools.gnu-tools-for-stm32.9-2020-q2-update.win32_1.5.0.202011040924/tools/bin/../lib/gcc/arm-none-eabi/9.3.1/../../../../arm-none-eabi/lib/thumb/v7-m/nofp\libc_nano.a(lib_a-errno.o)
                              Core/Src/syscalls.o (__errno)
c:/st/stm32cubeide_1.6.0/stm32cubeide/plugins/com.st.stm32cube.ide.mcu.externaltools.gnu-tools-for-stm32.9-2020-q2-update.win32_1.5.0.202011040924/tools/bin/../lib/gcc/arm-none-eabi/9.3.1/../../../../arm-none-eabi/lib/thumb/v7-m/nofp\libc_nano.a(lib_a-exit.o)
                              c:/st/stm32cubeide_1.6.0/stm32cubeide/plugins/com.st.stm32cube.ide.mcu.externaltools.gnu-tools-for-stm32.9-2020-q2-update.win32_1.5.0.202011040924/tools/bin/../lib/gcc/arm-none-eabi/9.3.1/../../../../arm-none-eabi/lib/thumb/v7-m/nofp/crt0.o (exit)
c:/st/stm32cubeide_1.6.0/stm32cubeide/plugins/com.st.stm32cube.ide.mcu.externaltools.gnu-tools-for-stm32.9-2020-q2-update.win32_1.5.0.202011040924/tools/bin/../lib/gcc/arm-none-eabi/9.3.1/../../../../arm-none-eabi/lib/thumb/v7-m/nofp\libc_nano.a(lib_a-impure.o)
                              c:/st/stm32cubeide_1.6.0/stm32cubeide/plugins/com.st.stm32cube.ide.mcu.externaltools.gnu-tools-for-stm32.9-2020-q2-update.win32_1.5.0.202011040924/tools/bin/../lib/gcc/arm-none-eabi/9.3.1/../../../../arm-none-eabi/lib/thumb/v7-m/nofp\libc_nano.a(lib_a-exit.o) (_global_impure_ptr)
c:/st/stm32cubeide_1.6.0/stm32cubeide/plugins/com.st.stm32cube.ide.mcu.externaltools.gnu-tools-for-stm32.9-2020-q2-update.win32_1.5.0.202011040924/tools/bin/../lib/gcc/arm-none-eabi/9.3.1/../../../../arm-none-eabi/lib/thumb/v7-m/nofp\libc_nano.a(lib_a-init.o)
                              c:/st/stm32cubeide_1.6.0/stm32cubeide/plugins/com.st.stm32cube.ide.mcu.externaltools.gnu-tools-for-stm32.9-2020-q2-update.win32_1.5.0.202011040924/tools/bin/../lib/gcc/arm-none-eabi/9.3.1/../../../../arm-none-eabi/lib/thumb/v7-m/nofp/crt0.o (__libc_init_array)
c:/st/stm32cubeide_1.6.0/stm32cubeide/plugins/com.st.stm32cube.ide.mcu.externaltools.gnu-tools-for-stm32.9-2020-q2-update.win32_1.5.0.202011040924/tools/bin/../lib/gcc/arm-none-eabi/9.3.1/../../../../arm-none-eabi/lib/thumb/v7-m/nofp\libc_nano.a(lib_a-memset.o)
                              c:/st/stm32cubeide_1.6.0/stm32cubeide/plugins/com.st.stm32cube.ide.mcu.externaltools.gnu-tools-for-stm32.9-2020-q2-update.win32_1.5.0.202011040924/tools/bin/../lib/gcc/arm-none-eabi/9.3.1/../../../../arm-none-eabi/lib/thumb/v7-m/nofp/crt0.o (memset)
c:/st/stm32cubeide_1.6.0/stm32cubeide/plugins/com.st.stm32cube.ide.mcu.externaltools.gnu-tools-for-stm32.9-2020-q2-update.win32_1.5.0.202011040924/tools/bin/../lib/gcc/arm-none-eabi/9.3.1/thumb/v7-m/nofp\libgcc.a(_aeabi_uldivmod.o)
                              Drivers/STM32F1xx_HAL_Driver/Src/stm32f1xx_hal_rcc.o (__aeabi_uldivmod)
c:/st/stm32cubeide_1.6.0/stm32cubeide/plugins/com.st.stm32cube.ide.mcu.externaltools.gnu-tools-for-stm32.9-2020-q2-update.win32_1.5.0.202011040924/tools/bin/../lib/gcc/arm-none-eabi/9.3.1/thumb/v7-m/nofp\libgcc.a(_udivmoddi4.o)
                              c:/st/stm32cubeide_1.6.0/stm32cubeide/plugins/com.st.stm32cube.ide.mcu.externaltools.gnu-tools-for-stm32.9-2020-q2-update.win32_1.5.0.202011040924/tools/bin/../lib/gcc/arm-none-eabi/9.3.1/thumb/v7-m/nofp\libgcc.a(_aeabi_uldivmod.o) (__udivmoddi4)
c:/st/stm32cubeide_1.6.0/stm32cubeide/plugins/com.st.stm32cube.ide.mcu.externaltools.gnu-tools-for-stm32.9-2020-q2-update.win32_1.5.0.202011040924/tools/bin/../lib/gcc/arm-none-eabi/9.3.1/thumb/v7-m/nofp\libgcc.a(_dvmd_tls.o)
                              c:/st/stm32cubeide_1.6.0/stm32cubeide/plugins/com.st.stm32cube.ide.mcu.externaltools.gnu-tools-for-stm32.9-2020-q2-update.win32_1.5.0.202011040924/tools/bin/../lib/gcc/arm-none-eabi/9.3.1/thumb/v7-m/nofp\libgcc.a(_aeabi_uldivmod.o) (__aeabi_ldiv0)

Allocating common symbols
Common symbol       size              file

zm_1ms              0x4               Core/Src/main.o
uwTick              0x4               Drivers/STM32F1xx_HAL_Driver/Src/stm32f1xx_hal.o
pFlash              0x20              Drivers/STM32F1xx_HAL_Driver/Src/stm32f1xx_hal_flash.o
czas                0x4               Core/Src/main.o
uartReceivedData    0x28              Core/Src/uart.o
uart4_data          0x4               Core/Src/uart.o
odswiez_ekran       0x4               Core/Src/main.o
huart4              0x40              Core/Src/main.o
nr_tekst            0x4               Core/Src/main.o
stan_joy            0x4               Core/Src/main.o
uart4_data_size     0x4               Core/Src/uart.o

Discarded input sections

 .text          0x0000000000000000        0x0 c:/st/stm32cubeide_1.6.0/stm32cubeide/plugins/com.st.stm32cube.ide.mcu.externaltools.gnu-tools-for-stm32.9-2020-q2-update.win32_1.5.0.202011040924/tools/bin/../lib/gcc/arm-none-eabi/9.3.1/thumb/v7-m/nofp/crti.o
[...]
Memory Configuration

Name             Origin             Length             Attributes
RAM              0x0000000020000000 0x0000000000010000 xrw
FLASH            0x0000000008000000 0x0000000000040000 xr
*default*        0x0000000000000000 0xffffffffffffffff

Linker script and memory map

LOAD c:/st/stm32cubeide_1.6.0/stm32cubeide/plugins/com.st.stm32cube.ide.mcu.externaltools.gnu-tools-for-stm32.9-2020-q2-update.win32_1.5.0.202011040924/tools/bin/../lib/gcc/arm-none-eabi/9.3.1/thumb/v7-m/nofp/crti.o
LOAD c:/st/stm32cubeide_1.6.0/stm32cubeide/plugins/com.st.stm32cube.ide.mcu.externaltools.gnu-tools-for-stm32.9-2020-q2-update.win32_1.5.0.202011040924/tools/bin/../lib/gcc/arm-none-eabi/9.3.1/thumb/v7-m/nofp/crtbegin.o
LOAD c:/st/stm32cubeide_1.6.0/stm32cubeide/plugins/com.st.stm32cube.ide.mcu.externaltools.gnu-tools-for-stm32.9-2020-q2-update.win32_1.5.0.202011040924/tools/bin/../lib/gcc/arm-none-eabi/9.3.1/../../../../arm-none-eabi/lib/thumb/v7-m/nofp/crt0.o
LOAD Core/Src/io.o
LOAD Core/Src/lcd.o
LOAD Core/Src/main.o
LOAD Core/Src/queue.o
LOAD Core/Src/stm32f1xx_hal_msp.o
LOAD Core/Src/stm32f1xx_it.o
LOAD Core/Src/syscalls.o
LOAD Core/Src/sysmem.o
LOAD Core/Src/system_stm32f1xx.o
LOAD Core/Src/uart.o
LOAD Core/Startup/startup_stm32f107vctx.o
LOAD Drivers/STM32F1xx_HAL_Driver/Src/stm32f1xx_hal.o
LOAD Drivers/STM32F1xx_HAL_Driver/Src/stm32f1xx_hal_cortex.o
LOAD Drivers/STM32F1xx_HAL_Driver/Src/stm32f1xx_hal_dma.o
LOAD Drivers/STM32F1xx_HAL_Driver/Src/stm32f1xx_hal_exti.o
LOAD Drivers/STM32F1xx_HAL_Driver/Src/stm32f1xx_hal_flash.o
LOAD Drivers/STM32F1xx_HAL_Driver/Src/stm32f1xx_hal_flash_ex.o
LOAD Drivers/STM32F1xx_HAL_Driver/Src/stm32f1xx_hal_gpio.o
LOAD Drivers/STM32F1xx_HAL_Driver/Src/stm32f1xx_hal_gpio_ex.o
LOAD Drivers/STM32F1xx_HAL_Driver/Src/stm32f1xx_hal_pwr.o
LOAD Drivers/STM32F1xx_HAL_Driver/Src/stm32f1xx_hal_rcc.o
LOAD Drivers/STM32F1xx_HAL_Driver/Src/stm32f1xx_hal_rcc_ex.o
LOAD Drivers/STM32F1xx_HAL_Driver/Src/stm32f1xx_hal_tim.o
LOAD Drivers/STM32F1xx_HAL_Driver/Src/stm32f1xx_hal_tim_ex.o
LOAD Drivers/STM32F1xx_HAL_Driver/Src/stm32f1xx_hal_uart.o
START GROUP
LOAD c:/st/stm32cubeide_1.6.0/stm32cubeide/plugins/com.st.stm32cube.ide.mcu.externaltools.gnu-tools-for-stm32.9-2020-q2-update.win32_1.5.0.202011040924/tools/bin/../lib/gcc/arm-none-eabi/9.3.1/../../../../arm-none-eabi/lib/thumb/v7-m/nofp\libc_nano.a
LOAD c:/st/stm32cubeide_1.6.0/stm32cubeide/plugins/com.st.stm32cube.ide.mcu.externaltools.gnu-tools-for-stm32.9-2020-q2-update.win32_1.5.0.202011040924/tools/bin/../lib/gcc/arm-none-eabi/9.3.1/../../../../arm-none-eabi/lib/thumb/v7-m/nofp\libm.a
END GROUP
START GROUP
LOAD c:/st/stm32cubeide_1.6.0/stm32cubeide/plugins/com.st.stm32cube.ide.mcu.externaltools.gnu-tools-for-stm32.9-2020-q2-update.win32_1.5.0.202011040924/tools/bin/../lib/gcc/arm-none-eabi/9.3.1/thumb/v7-m/nofp\libgcc.a
LOAD c:/st/stm32cubeide_1.6.0/stm32cubeide/plugins/com.st.stm32cube.ide.mcu.externaltools.gnu-tools-for-stm32.9-2020-q2-update.win32_1.5.0.202011040924/tools/bin/../lib/gcc/arm-none-eabi/9.3.1/../../../../arm-none-eabi/lib/thumb/v7-m/nofp\libc_nano.a
END GROUP
START GROUP
LOAD c:/st/stm32cubeide_1.6.0/stm32cubeide/plugins/com.st.stm32cube.ide.mcu.externaltools.gnu-tools-for-stm32.9-2020-q2-update.win32_1.5.0.202011040924/tools/bin/../lib/gcc/arm-none-eabi/9.3.1/thumb/v7-m/nofp\libgcc.a
LOAD c:/st/stm32cubeide_1.6.0/stm32cubeide/plugins/com.st.stm32cube.ide.mcu.externaltools.gnu-tools-for-stm32.9-2020-q2-update.win32_1.5.0.202011040924/tools/bin/../lib/gcc/arm-none-eabi/9.3.1/../../../../arm-none-eabi/lib/thumb/v7-m/nofp\libc_nano.a
LOAD c:/st/stm32cubeide_1.6.0/stm32cubeide/plugins/com.st.stm32cube.ide.mcu.externaltools.gnu-tools-for-stm32.9-2020-q2-update.win32_1.5.0.202011040924/tools/bin/../lib/gcc/arm-none-eabi/9.3.1/../../../../arm-none-eabi/lib/thumb/v7-m/nofp\libnosys.a
END GROUP
START GROUP
LOAD c:/st/stm32cubeide_1.6.0/stm32cubeide/plugins/com.st.stm32cube.ide.mcu.externaltools.gnu-tools-for-stm32.9-2020-q2-update.win32_1.5.0.202011040924/tools/bin/../lib/gcc/arm-none-eabi/9.3.1/thumb/v7-m/nofp\libgcc.a
LOAD c:/st/stm32cubeide_1.6.0/stm32cubeide/plugins/com.st.stm32cube.ide.mcu.externaltools.gnu-tools-for-stm32.9-2020-q2-update.win32_1.5.0.202011040924/tools/bin/../lib/gcc/arm-none-eabi/9.3.1/../../../../arm-none-eabi/lib/thumb/v7-m/nofp\libc_nano.a
LOAD c:/st/stm32cubeide_1.6.0/stm32cubeide/plugins/com.st.stm32cube.ide.mcu.externaltools.gnu-tools-for-stm32.9-2020-q2-update.win32_1.5.0.202011040924/tools/bin/../lib/gcc/arm-none-eabi/9.3.1/../../../../arm-none-eabi/lib/thumb/v7-m/nofp\libnosys.a
END GROUP
LOAD c:/st/stm32cubeide_1.6.0/stm32cubeide/plugins/com.st.stm32cube.ide.mcu.externaltools.gnu-tools-for-stm32.9-2020-q2-update.win32_1.5.0.202011040924/tools/bin/../lib/gcc/arm-none-eabi/9.3.1/thumb/v7-m/nofp/crtend.o
LOAD c:/st/stm32cubeide_1.6.0/stm32cubeide/plugins/com.st.stm32cube.ide.mcu.externaltools.gnu-tools-for-stm32.9-2020-q2-update.win32_1.5.0.202011040924/tools/bin/../lib/gcc/arm-none-eabi/9.3.1/thumb/v7-m/nofp/crtn.o
                0x0000000020010000                _estack = (ORIGIN (RAM) + LENGTH (RAM))
                0x0000000000000200                _Min_Heap_Size = 0x200
                0x0000000000000400                _Min_Stack_Size = 0x400

.isr_vector     0x0000000008000000      0x1e4
                0x0000000008000000                . = ALIGN (0x4)
 *(.isr_vector)
 .isr_vector    0x0000000008000000      0x1e4 Core/Startup/startup_stm32f107vctx.o
                0x0000000008000000                g_pfnVectors
                0x00000000080001e4                . = ALIGN (0x4)

.text           0x00000000080001e4     0x2048
                0x00000000080001e4                . = ALIGN (0x4)
 *(.text)
 .text          0x00000000080001e4       0x40 c:/st/stm32cubeide_1.6.0/stm32cubeide/plugins/com.st.stm32cube.ide.mcu.externaltools.gnu-tools-for-stm32.9-2020-q2-update.win32_1.5.0.202011040924/tools/bin/../lib/gcc/arm-none-eabi/9.3.1/thumb/v7-m/nofp/crtbegin.o
 .text          0x0000000008000224       0x30 c:/st/stm32cubeide_1.6.0/stm32cubeide/plugins/com.st.stm32cube.ide.mcu.externaltools.gnu-tools-for-stm32.9-2020-q2-update.win32_1.5.0.202011040924/tools/bin/../lib/gcc/arm-none-eabi/9.3.1/thumb/v7-m/nofp\libgcc.a(_aeabi_uldivmod.o)
                0x0000000008000224                __aeabi_uldivmod
 .text          0x0000000008000254      0x2c4 c:/st/stm32cubeide_1.6.0/stm32cubeide/plugins/com.st.stm32cube.ide.mcu.externaltools.gnu-tools-for-stm32.9-2020-q2-update.win32_1.5.0.202011040924/tools/bin/../lib/gcc/arm-none-eabi/9.3.1/thumb/v7-m/nofp\libgcc.a(_udivmoddi4.o)
                0x0000000008000254                __udivmoddi4
 .text          0x0000000008000518        0x4 c:/st/stm32cubeide_1.6.0/stm32cubeide/plugins/com.st.stm32cube.ide.mcu.externaltools.gnu-tools-for-stm32.9-2020-q2-update.win32_1.5.0.202011040924/tools/bin/../lib/gcc/arm-none-eabi/9.3.1/thumb/v7-m/nofp\libgcc.a(_dvmd_tls.o)
                0x0000000008000518                __aeabi_idiv0
                0x0000000008000518                __aeabi_ldiv0
 *(.text*)
 .text.funkcja_button1
                0x000000000800051c       0x44 Core/Src/io.o
                0x000000000800051c                funkcja_button1
 .text.funkcja_button2
                0x0000000008000560       0x44 Core/Src/io.o
                0x0000000008000560                funkcja_button2
 .text.funkcja_led
                0x00000000080005a4       0x50 Core/Src/io.o
                0x00000000080005a4                funkcja_led
 .text.funkcja_lcd
                0x00000000080005f4       0x40 Core/Src/io.o
                0x00000000080005f4                funkcja_lcd
 .text.funkcja_joy
                0x0000000008000634       0x6c Core/Src/io.o
                0x0000000008000634                funkcja_joy
 .text.funkcja_buzzer
                0x00000000080006a0       0x74 Core/Src/io.o
                0x00000000080006a0                funkcja_buzzer
 .text.delay_mili
                0x0000000008000714       0x16 Core/Src/lcd.o
                0x0000000008000714                delay_mili
 .text.delay    0x000000000800072a       0x22 Core/Src/lcd.o
                0x000000000800072a                delay
 .text.busy_lcd
                0x000000000800074c       0x74 Core/Src/lcd.o
                0x000000000800074c                busy_lcd
 .text.inic_lcd
                0x00000000080007c0       0x62 Core/Src/lcd.o
                0x00000000080007c0                inic_lcd
 *fill*         0x0000000008000822        0x2 
 .text.write_data
                0x0000000008000824       0x4c Core/Src/lcd.o
                0x0000000008000824                write_data
 .text.write_control
                0x0000000008000870       0x4c Core/Src/lcd.o
                0x0000000008000870                write_control
 .text.wysw_ekran
                0x00000000080008bc       0x9a Core/Src/lcd.o
                0x00000000080008bc                wysw_ekran
 *fill*         0x0000000008000956        0x2 
 .text.funkcja_1ms
                0x0000000008000958       0x18 Core/Src/main.o
                0x0000000008000958                funkcja_1ms
 .text.main     0x0000000008000970      0x100 Core/Src/main.o
                0x0000000008000970                main
 .text.SystemClock_Config
                0x0000000008000a70       0xa8 Core/Src/main.o
                0x0000000008000a70                SystemClock_Config
 .text.MX_UART4_Init
                0x0000000008000b18       0x54 Core/Src/main.o
 .text.MX_GPIO_Init
                0x0000000008000b6c       0xcc Core/Src/main.o
 .text.Error_Handler
                0x0000000008000c38        0xa Core/Src/main.o
                0x0000000008000c38                Error_Handler
 .text.queueInit
                0x0000000008000c42       0x1e Core/Src/queue.o
                0x0000000008000c42                queueInit
 .text.queueAdd
                0x0000000008000c60       0x4a Core/Src/queue.o
                0x0000000008000c60                queueAdd
 .text.queueIsFull
                0x0000000008000caa       0x20 Core/Src/queue.o
                0x0000000008000caa                queueIsFull
 *fill*         0x0000000008000cca        0x2 
 .text.HAL_MspInit
                0x0000000008000ccc       0x5c Core/Src/stm32f1xx_hal_msp.o
                0x0000000008000ccc                HAL_MspInit
 .text.HAL_UART_MspInit
                0x0000000008000d28       0xa8 Core/Src/stm32f1xx_hal_msp.o
                0x0000000008000d28                HAL_UART_MspInit
 .text.NMI_Handler
                0x0000000008000dd0        0x6 Core/Src/stm32f1xx_it.o
                0x0000000008000dd0                NMI_Handler
 .text.HardFault_Handler
                0x0000000008000dd6        0x6 Core/Src/stm32f1xx_it.o
                0x0000000008000dd6                HardFault_Handler
 .text.MemManage_Handler
                0x0000000008000ddc        0x6 Core/Src/stm32f1xx_it.o
                0x0000000008000ddc                MemManage_Handler
 .text.BusFault_Handler
                0x0000000008000de2        0x6 Core/Src/stm32f1xx_it.o
                0x0000000008000de2                BusFault_Handler
 .text.UsageFault_Handler
                0x0000000008000de8        0x6 Core/Src/stm32f1xx_it.o
                0x0000000008000de8                UsageFault_Handler
 .text.SVC_Handler
                0x0000000008000dee        0xc Core/Src/stm32f1xx_it.o
                0x0000000008000dee                SVC_Handler
 .text.DebugMon_Handler
                0x0000000008000dfa        0xc Core/Src/stm32f1xx_it.o
                0x0000000008000dfa                DebugMon_Handler
 .text.PendSV_Handler
                0x0000000008000e06        0xc Core/Src/stm32f1xx_it.o
                0x0000000008000e06                PendSV_Handler
 .text.SysTick_Handler
                0x0000000008000e12       0x10 Core/Src/stm32f1xx_it.o
                0x0000000008000e12                SysTick_Handler
 .text.UART4_IRQHandler
                0x0000000008000e22        0xc Core/Src/stm32f1xx_it.o
                0x0000000008000e22                UART4_IRQHandler
 .text.SystemInit
                0x0000000008000e2e        0xc Core/Src/system_stm32f1xx.o
                0x0000000008000e2e                SystemInit
 *fill*         0x0000000008000e3a        0x2 
 .text.initUART
                0x0000000008000e3c       0x28 Core/Src/uart.o
                0x0000000008000e3c                initUART
 .text.obsluga_UART4
                0x0000000008000e64       0x84 Core/Src/uart.o
                0x0000000008000e64                obsluga_UART4
 .text.uart_send
                0x0000000008000ee8       0x28 Core/Src/uart.o
                0x0000000008000ee8                uart_send
 .text.Reset_Handler
                0x0000000008000f10       0x48 Core/Startup/startup_stm32f107vctx.o
                0x0000000008000f10                Reset_Handler
 .text.Default_Handler
                0x0000000008000f58        0x2 Core/Startup/startup_stm32f107vctx.o
                0x0000000008000f58                RTC_Alarm_IRQHandler
                0x0000000008000f58                EXTI2_IRQHandler
                0x0000000008000f58                TIM1_CC_IRQHandler
                0x0000000008000f58                TIM6_IRQHandler
                0x0000000008000f58                PVD_IRQHandler
                0x0000000008000f58                CAN2_RX1_IRQHandler
                0x0000000008000f58                EXTI3_IRQHandler
                0x0000000008000f58                EXTI0_IRQHandler
                0x0000000008000f58                I2C2_EV_IRQHandler
                0x0000000008000f58                CAN1_RX0_IRQHandler
                0x0000000008000f58                CAN2_SCE_IRQHandler
                0x0000000008000f58                ADC1_2_IRQHandler
                0x0000000008000f58                SPI1_IRQHandler
                0x0000000008000f58                TAMPER_IRQHandler
                0x0000000008000f58                CAN2_RX0_IRQHandler
                0x0000000008000f58                DMA2_Channel2_IRQHandler
                0x0000000008000f58                DMA1_Channel4_IRQHandler
                0x0000000008000f58                USART3_IRQHandler
                0x0000000008000f58                RTC_IRQHandler
                0x0000000008000f58                DMA1_Channel7_IRQHandler
                0x0000000008000f58                CAN1_RX1_IRQHandler
                0x0000000008000f58                UART5_IRQHandler
                0x0000000008000f58                TIM4_IRQHandler
                0x0000000008000f58                DMA2_Channel1_IRQHandler
                0x0000000008000f58                I2C1_EV_IRQHandler
                0x0000000008000f58                DMA1_Channel6_IRQHandler
                0x0000000008000f58                DMA2_Channel4_IRQHandler
                0x0000000008000f58                TIM3_IRQHandler
                0x0000000008000f58                RCC_IRQHandler
                0x0000000008000f58                TIM1_TRG_COM_IRQHandler
                0x0000000008000f58                DMA1_Channel1_IRQHandler
                0x0000000008000f58                Default_Handler
                0x0000000008000f58                EXTI15_10_IRQHandler
                0x0000000008000f58                TIM7_IRQHandler
                0x0000000008000f58                CAN2_TX_IRQHandler
                0x0000000008000f58                TIM5_IRQHandler
                0x0000000008000f58                EXTI9_5_IRQHandler
                0x0000000008000f58                ETH_WKUP_IRQHandler
                0x0000000008000f58                SPI2_IRQHandler
                0x0000000008000f58                CAN1_TX_IRQHandler
                0x0000000008000f58                DMA2_Channel5_IRQHandler
                0x0000000008000f58                DMA1_Channel5_IRQHandler
                0x0000000008000f58                EXTI4_IRQHandler
                0x0000000008000f58                DMA1_Channel3_IRQHandler
                0x0000000008000f58                ETH_IRQHandler
                0x0000000008000f58                TIM1_UP_IRQHandler
                0x0000000008000f58                WWDG_IRQHandler
                0x0000000008000f58                TIM2_IRQHandler
                0x0000000008000f58                OTG_FS_WKUP_IRQHandler
                0x0000000008000f58                TIM1_BRK_IRQHandler
                0x0000000008000f58                EXTI1_IRQHandler
                0x0000000008000f58                USART2_IRQHandler
                0x0000000008000f58                I2C2_ER_IRQHandler
                0x0000000008000f58                DMA1_Channel2_IRQHandler
                0x0000000008000f58                CAN1_SCE_IRQHandler
                0x0000000008000f58                FLASH_IRQHandler
                0x0000000008000f58                USART1_IRQHandler
                0x0000000008000f58                OTG_FS_IRQHandler
                0x0000000008000f58                SPI3_IRQHandler
                0x0000000008000f58                I2C1_ER_IRQHandler
                0x0000000008000f58                DMA2_Channel3_IRQHandler
 *fill*         0x0000000008000f5a        0x2 
 .text.HAL_Init
                0x0000000008000f5c       0x2c Drivers/STM32F1xx_HAL_Driver/Src/stm32f1xx_hal.o
                0x0000000008000f5c                HAL_Init
 .text.HAL_InitTick
                0x0000000008000f88       0x60 Drivers/STM32F1xx_HAL_Driver/Src/stm32f1xx_hal.o
                0x0000000008000f88                HAL_InitTick
 .text.HAL_IncTick
                0x0000000008000fe8       0x24 Drivers/STM32F1xx_HAL_Driver/Src/stm32f1xx_hal.o
                0x0000000008000fe8                HAL_IncTick
 .text.HAL_GetTick
                0x000000000800100c       0x14 Drivers/STM32F1xx_HAL_Driver/Src/stm32f1xx_hal.o
                0x000000000800100c                HAL_GetTick
 .text.HAL_Delay
                0x0000000008001020       0x48 Drivers/STM32F1xx_HAL_Driver/Src/stm32f1xx_hal.o
                0x0000000008001020                HAL_Delay
 .text.__NVIC_SetPriorityGrouping
                0x0000000008001068       0x48 Drivers/STM32F1xx_HAL_Driver/Src/stm32f1xx_hal_cortex.o
 .text.__NVIC_GetPriorityGrouping
                0x00000000080010b0       0x1c Drivers/STM32F1xx_HAL_Driver/Src/stm32f1xx_hal_cortex.o
 .text.__NVIC_EnableIRQ
                0x00000000080010cc       0x38 Drivers/STM32F1xx_HAL_Driver/Src/stm32f1xx_hal_cortex.o
 .text.__NVIC_SetPriority
                0x0000000008001104       0x54 Drivers/STM32F1xx_HAL_Driver/Src/stm32f1xx_hal_cortex.o
 .text.NVIC_EncodePriority
                0x0000000008001158       0x64 Drivers/STM32F1xx_HAL_Driver/Src/stm32f1xx_hal_cortex.o
 .text.SysTick_Config
                0x00000000080011bc       0x44 Drivers/STM32F1xx_HAL_Driver/Src/stm32f1xx_hal_cortex.o
 .text.HAL_NVIC_SetPriorityGrouping
                0x0000000008001200       0x16 Drivers/STM32F1xx_HAL_Driver/Src/stm32f1xx_hal_cortex.o
                0x0000000008001200                HAL_NVIC_SetPriorityGrouping
 .text.HAL_NVIC_SetPriority
                0x0000000008001216       0x38 Drivers/STM32F1xx_HAL_Driver/Src/stm32f1xx_hal_cortex.o
                0x0000000008001216                HAL_NVIC_SetPriority
 .text.HAL_NVIC_EnableIRQ
                0x000000000800124e       0x1c Drivers/STM32F1xx_HAL_Driver/Src/stm32f1xx_hal_cortex.o
                0x000000000800124e                HAL_NVIC_EnableIRQ
 .text.HAL_SYSTICK_Config
                0x000000000800126a       0x18 Drivers/STM32F1xx_HAL_Driver/Src/stm32f1xx_hal_cortex.o
                0x000000000800126a                HAL_SYSTICK_Config
 *fill*         0x0000000008001282        0x2 
 .text.HAL_GPIO_Init
                0x0000000008001284      0x308 Drivers/STM32F1xx_HAL_Driver/Src/stm32f1xx_hal_gpio.o
                0x0000000008001284                HAL_GPIO_Init
 .text.HAL_GPIO_ReadPin
                0x000000000800158c       0x2e Drivers/STM32F1xx_HAL_Driver/Src/stm32f1xx_hal_gpio.o
                0x000000000800158c                HAL_GPIO_ReadPin
 .text.HAL_GPIO_WritePin
                0x00000000080015ba       0x30 Drivers/STM32F1xx_HAL_Driver/Src/stm32f1xx_hal_gpio.o
                0x00000000080015ba                HAL_GPIO_WritePin
 *fill*         0x00000000080015ea        0x2 
 .text.HAL_RCC_OscConfig
                0x00000000080015ec      0x62c Drivers/STM32F1xx_HAL_Driver/Src/stm32f1xx_hal_rcc.o
                0x00000000080015ec                HAL_RCC_OscConfig
 .text.HAL_RCC_ClockConfig
                0x0000000008001c18      0x1d4 Drivers/STM32F1xx_HAL_Driver/Src/stm32f1xx_hal_rcc.o
                0x0000000008001c18                HAL_RCC_ClockConfig
 .text.HAL_RCC_GetSysClockFreq
                0x0000000008001dec      0x178 Drivers/STM32F1xx_HAL_Driver/Src/stm32f1xx_hal_rcc.o
                0x0000000008001dec                HAL_RCC_GetSysClockFreq
 .text.HAL_RCC_GetHCLKFreq
                0x0000000008001f64       0x14 Drivers/STM32F1xx_HAL_Driver/Src/stm32f1xx_hal_rcc.o
                0x0000000008001f64                HAL_RCC_GetHCLKFreq
 .text.HAL_RCC_GetPCLK1Freq
                0x0000000008001f78       0x28 Drivers/STM32F1xx_HAL_Driver/Src/stm32f1xx_hal_rcc.o
                0x0000000008001f78                HAL_RCC_GetPCLK1Freq
 .text.HAL_RCC_GetPCLK2Freq
                0x0000000008001fa0       0x28 Drivers/STM32F1xx_HAL_Driver/Src/stm32f1xx_hal_rcc.o
                0x0000000008001fa0                HAL_RCC_GetPCLK2Freq
 .text.RCC_Delay
                0x0000000008001fc8       0x3c Drivers/STM32F1xx_HAL_Driver/Src/stm32f1xx_hal_rcc.o
 .text.HAL_UART_Init
                0x0000000008002004       0x9a Drivers/STM32F1xx_HAL_Driver/Src/stm32f1xx_hal_uart.o
                0x0000000008002004                HAL_UART_Init
 *fill*         0x000000000800209e        0x2 
 .text.UART_SetConfig
                0x00000000080020a0      0x11c Drivers/STM32F1xx_HAL_Driver/Src/stm32f1xx_hal_uart.o
 .text.__libc_init_array
                0x00000000080021bc       0x48 c:/st/stm32cubeide_1.6.0/stm32cubeide/plugins/com.st.stm32cube.ide.mcu.externaltools.gnu-tools-for-stm32.9-2020-q2-update.win32_1.5.0.202011040924/tools/bin/../lib/gcc/arm-none-eabi/9.3.1/../../../../arm-none-eabi/lib/thumb/v7-m/nofp\libc_nano.a(lib_a-init.o)
                0x00000000080021bc                __libc_init_array
 .text.memset   0x0000000008002204       0x10 c:/st/stm32cubeide_1.6.0/stm32cubeide/plugins/com.st.stm32cube.ide.mcu.externaltools.gnu-tools-for-stm32.9-2020-q2-update.win32_1.5.0.202011040924/tools/bin/../lib/gcc/arm-none-eabi/9.3.1/../../../../arm-none-eabi/lib/thumb/v7-m/nofp\libc_nano.a(lib_a-memset.o)
                0x0000000008002204                memset
 *(.glue_7)
 .glue_7        0x0000000008002214        0x0 linker stubs
 *(.glue_7t)
 .glue_7t       0x0000000008002214        0x0 linker stubs
 *(.eh_frame)
 .eh_frame      0x0000000008002214        0x0 c:/st/stm32cubeide_1.6.0/stm32cubeide/plugins/com.st.stm32cube.ide.mcu.externaltools.gnu-tools-for-stm32.9-2020-q2-update.win32_1.5.0.202011040924/tools/bin/../lib/gcc/arm-none-eabi/9.3.1/thumb/v7-m/nofp/crtbegin.o
 *(.init)
 .init          0x0000000008002214        0x4 c:/st/stm32cubeide_1.6.0/stm32cubeide/plugins/com.st.stm32cube.ide.mcu.externaltools.gnu-tools-for-stm32.9-2020-q2-update.win32_1.5.0.202011040924/tools/bin/../lib/gcc/arm-none-eabi/9.3.1/thumb/v7-m/nofp/crti.o
                0x0000000008002214                _init
 .init          0x0000000008002218        0x8 c:/st/stm32cubeide_1.6.0/stm32cubeide/plugins/com.st.stm32cube.ide.mcu.externaltools.gnu-tools-for-stm32.9-2020-q2-update.win32_1.5.0.202011040924/tools/bin/../lib/gcc/arm-none-eabi/9.3.1/thumb/v7-m/nofp/crtn.o
 *(.fini)
 .fini          0x0000000008002220        0x4 c:/st/stm32cubeide_1.6.0/stm32cubeide/plugins/com.st.stm32cube.ide.mcu.externaltools.gnu-tools-for-stm32.9-2020-q2-update.win32_1.5.0.202011040924/tools/bin/../lib/gcc/arm-none-eabi/9.3.1/thumb/v7-m/nofp/crti.o
                0x0000000008002220                _fini
 .fini          0x0000000008002224        0x8 c:/st/stm32cubeide_1.6.0/stm32cubeide/plugins/com.st.stm32cube.ide.mcu.externaltools.gnu-tools-for-stm32.9-2020-q2-update.win32_1.5.0.202011040924/tools/bin/../lib/gcc/arm-none-eabi/9.3.1/thumb/v7-m/nofp/crtn.o
                0x000000000800222c                . = ALIGN (0x4)
                0x000000000800222c                _etext = .

.vfp11_veneer   0x000000000800222c        0x0
 .vfp11_veneer  0x000000000800222c        0x0 linker stubs

.v4_bx          0x000000000800222c        0x0
 .v4_bx         0x000000000800222c        0x0 linker stubs

.iplt           0x000000000800222c        0x0
 .iplt          0x000000000800222c        0x0 c:/st/stm32cubeide_1.6.0/stm32cubeide/plugins/com.st.stm32cube.ide.mcu.externaltools.gnu-tools-for-stm32.9-2020-q2-update.win32_1.5.0.202011040924/tools/bin/../lib/gcc/arm-none-eabi/9.3.1/thumb/v7-m/nofp/crtbegin.o

.rodata         0x000000000800222c       0x50
                0x000000000800222c                . = ALIGN (0x4)
 *(.rodata)
 .rodata        0x000000000800222c       0x15 Core/Src/main.o
 *fill*         0x0000000008002241        0x3 
 .rodata        0x0000000008002244       0x20 Drivers/STM32F1xx_HAL_Driver/Src/stm32f1xx_hal_rcc.o
 *(.rodata*)
 .rodata.AHBPrescTable
                0x0000000008002264       0x10 Core/Src/system_stm32f1xx.o
                0x0000000008002264                AHBPrescTable
 .rodata.APBPrescTable
                0x0000000008002274        0x8 Core/Src/system_stm32f1xx.o
                0x0000000008002274                APBPrescTable
                0x000000000800227c                . = ALIGN (0x4)

.ARM.extab      0x000000000800227c        0x0
                0x000000000800227c                . = ALIGN (0x4)
 *(.ARM.extab* .gnu.linkonce.armextab.*)
                0x000000000800227c                . = ALIGN (0x4)

.ARM            0x000000000800227c        0x8
                0x000000000800227c                . = ALIGN (0x4)
                0x000000000800227c                __exidx_start = .
 *(.ARM.exidx*)
 .ARM.exidx     0x000000000800227c        0x8 c:/st/stm32cubeide_1.6.0/stm32cubeide/plugins/com.st.stm32cube.ide.mcu.externaltools.gnu-tools-for-stm32.9-2020-q2-update.win32_1.5.0.202011040924/tools/bin/../lib/gcc/arm-none-eabi/9.3.1/thumb/v7-m/nofp\libgcc.a(_udivmoddi4.o)
                0x0000000008002284                __exidx_end = .
                0x0000000008002284                . = ALIGN (0x4)

.rel.dyn        0x0000000008002284        0x0
 .rel.iplt      0x0000000008002284        0x0 c:/st/stm32cubeide_1.6.0/stm32cubeide/plugins/com.st.stm32cube.ide.mcu.externaltools.gnu-tools-for-stm32.9-2020-q2-update.win32_1.5.0.202011040924/tools/bin/../lib/gcc/arm-none-eabi/9.3.1/thumb/v7-m/nofp/crtbegin.o

.preinit_array  0x0000000008002284        0x0
                0x0000000008002284                . = ALIGN (0x4)
                0x0000000008002284                PROVIDE (__preinit_array_start = .)
 *(.preinit_array*)
                0x0000000008002284                PROVIDE (__preinit_array_end = .)
                0x0000000008002284                . = ALIGN (0x4)

.init_array     0x0000000008002284        0x4
                0x0000000008002284                . = ALIGN (0x4)
                0x0000000008002284                PROVIDE (__init_array_start = .)
 *(SORT_BY_NAME(.init_array.*))
 *(.init_array*)
 .init_array    0x0000000008002284        0x4 c:/st/stm32cubeide_1.6.0/stm32cubeide/plugins/com.st.stm32cube.ide.mcu.externaltools.gnu-tools-for-stm32.9-2020-q2-update.win32_1.5.0.202011040924/tools/bin/../lib/gcc/arm-none-eabi/9.3.1/thumb/v7-m/nofp/crtbegin.o
                0x0000000008002288                PROVIDE (__init_array_end = .)
                0x0000000008002288                . = ALIGN (0x4)

.fini_array     0x0000000008002288        0x4
                0x0000000008002288                . = ALIGN (0x4)
                [!provide]                        PROVIDE (__fini_array_start = .)
 *(SORT_BY_NAME(.fini_array.*))
 *(.fini_array*)
 .fini_array    0x0000000008002288        0x4 c:/st/stm32cubeide_1.6.0/stm32cubeide/plugins/com.st.stm32cube.ide.mcu.externaltools.gnu-tools-for-stm32.9-2020-q2-update.win32_1.5.0.202011040924/tools/bin/../lib/gcc/arm-none-eabi/9.3.1/thumb/v7-m/nofp/crtbegin.o
                [!provide]                        PROVIDE (__fini_array_end = .)
                0x000000000800228c                . = ALIGN (0x4)
                0x000000000800228c                _sidata = LOADADDR (.data)

.data           0x0000000020000000       0x78 load address 0x000000000800228c
                0x0000000020000000                . = ALIGN (0x4)
                0x0000000020000000                _sdata = .
 *(.data)
 *(.data*)
 .data.text0    0x0000000020000000       0x22 Core/Src/io.o
                0x0000000020000000                text0
 *fill*         0x0000000020000022        0x2 
 .data.text1    0x0000000020000024       0x21 Core/Src/io.o
                0x0000000020000024                text1
 *fill*         0x0000000020000045        0x3 
 .data.text2    0x0000000020000048       0x21 Core/Src/io.o
                0x0000000020000048                text2
 .data.stan_button_p.5803
                0x0000000020000069        0x1 Core/Src/io.o
 .data.stan_button_p.5807
                0x000000002000006a        0x1 Core/Src/io.o
 *fill*         0x000000002000006b        0x1 
 .data.SystemCoreClock
                0x000000002000006c        0x4 Core/Src/system_stm32f1xx.o
                0x000000002000006c                SystemCoreClock
 .data.uwTickPrio
                0x0000000020000070        0x4 Drivers/STM32F1xx_HAL_Driver/Src/stm32f1xx_hal.o
                0x0000000020000070                uwTickPrio
 .data.uwTickFreq
                0x0000000020000074        0x1 Drivers/STM32F1xx_HAL_Driver/Src/stm32f1xx_hal.o
                0x0000000020000074                uwTickFreq
 *(.RamFunc)
 *(.RamFunc*)
                0x0000000020000078                . = ALIGN (0x4)
 *fill*         0x0000000020000075        0x3 
                0x0000000020000078                _edata = .

.igot.plt       0x0000000020000078        0x0 load address 0x0000000008002304
 .igot.plt      0x0000000020000078        0x0 c:/st/stm32cubeide_1.6.0/stm32cubeide/plugins/com.st.stm32cube.ide.mcu.externaltools.gnu-tools-for-stm32.9-2020-q2-update.win32_1.5.0.202011040924/tools/bin/../lib/gcc/arm-none-eabi/9.3.1/thumb/v7-m/nofp/crtbegin.o
                0x0000000020000078                . = ALIGN (0x4)

.bss            0x0000000020000078       0xac load address 0x0000000008002304
                0x0000000020000078                _sbss = .
                0x0000000020000078                __bss_start__ = _sbss
 *(.bss)
 .bss           0x0000000020000078       0x1c c:/st/stm32cubeide_1.6.0/stm32cubeide/plugins/com.st.stm32cube.ide.mcu.externaltools.gnu-tools-for-stm32.9-2020-q2-update.win32_1.5.0.202011040924/tools/bin/../lib/gcc/arm-none-eabi/9.3.1/thumb/v7-m/nofp/crtbegin.o
 *(.bss*)
 .bss.licznik_buzzer.5820
                0x0000000020000094        0x4 Core/Src/io.o
 .bss.stan_buzzer.5821
                0x0000000020000098        0x4 Core/Src/io.o
 *(COMMON)
 COMMON         0x000000002000009c       0x54 Core/Src/main.o
                0x000000002000009c                zm_1ms
                0x00000000200000a0                czas
                0x00000000200000a4                odswiez_ekran
                0x00000000200000a8                huart4
                0x00000000200000e8                nr_tekst
                0x00000000200000ec                stan_joy
 COMMON         0x00000000200000f0       0x30 Core/Src/uart.o
                0x00000000200000f0                uartReceivedData
                0x0000000020000118                uart4_data
                0x000000002000011c                uart4_data_size
 COMMON         0x0000000020000120        0x4 Drivers/STM32F1xx_HAL_Driver/Src/stm32f1xx_hal.o
                0x0000000020000120                uwTick
                0x0000000020000124                . = ALIGN (0x4)
                0x0000000020000124                _ebss = .
                0x0000000020000124                __bss_end__ = _ebss

._user_heap_stack
                0x0000000020000124      0x604 load address 0x0000000008002304
                0x0000000020000128                . = ALIGN (0x8)
 *fill*         0x0000000020000124        0x4 
                [!provide]                        PROVIDE (end = .)
                0x0000000020000128                PROVIDE (_end = .)
                0x0000000020000328                . = (. + _Min_Heap_Size)
 *fill*         0x0000000020000128      0x200 
                0x0000000020000728                . = (. + _Min_Stack_Size)
 *fill*         0x0000000020000328      0x400 
                0x0000000020000728                . = ALIGN (0x8)

/DISCARD/
 libc.a(*)
 libm.a(*)
 libgcc.a(*)

.ARM.attributes
                0x0000000000000000       0x29
 *(.ARM.attributes)
 .ARM.attributes
                0x0000000000000000       0x1d c:/st/stm32cubeide_1.6.0/stm32cubeide/plugins/com.st.stm32cube.ide.mcu.externaltools.gnu-tools-for-stm32.9-2020-q2-update.win32_1.5.0.202011040924/tools/bin/../lib/gcc/arm-none-eabi/9.3.1/thumb/v7-m/nofp/crti.o
 .ARM.attributes
                0x000000000000001d       0x2d c:/st/stm32cubeide_1.6.0/stm32cubeide/plugins/com.st.stm32cube.ide.mcu.externaltools.gnu-tools-for-stm32.9-2020-q2-update.win32_1.5.0.202011040924/tools/bin/../lib/gcc/arm-none-eabi/9.3.1/thumb/v7-m/nofp/crtbegin.o
 .ARM.attributes
                0x000000000000004a       0x2d Core/Src/io.o
 .ARM.attributes
                0x0000000000000077       0x2d Core/Src/lcd.o
 .ARM.attributes
                0x00000000000000a4       0x2d Core/Src/main.o
 .ARM.attributes
                0x00000000000000d1       0x2d Core/Src/queue.o
 .ARM.attributes
                0x00000000000000fe       0x2d Core/Src/stm32f1xx_hal_msp.o
 .ARM.attributes
                0x000000000000012b       0x2d Core/Src/stm32f1xx_it.o
 .ARM.attributes
                0x0000000000000158       0x2d Core/Src/system_stm32f1xx.o
 .ARM.attributes
                0x0000000000000185       0x2d Core/Src/uart.o
 .ARM.attributes
                0x00000000000001b2       0x21 Core/Startup/startup_stm32f107vctx.o
 .ARM.attributes
                0x00000000000001d3       0x2d Drivers/STM32F1xx_HAL_Driver/Src/stm32f1xx_hal.o
 .ARM.attributes
                0x0000000000000200       0x2d Drivers/STM32F1xx_HAL_Driver/Src/stm32f1xx_hal_cortex.o
 .ARM.attributes
                0x000000000000022d       0x2d Drivers/STM32F1xx_HAL_Driver/Src/stm32f1xx_hal_gpio.o
 .ARM.attributes
                0x000000000000025a       0x2d Drivers/STM32F1xx_HAL_Driver/Src/stm32f1xx_hal_rcc.o
 .ARM.attributes
                0x0000000000000287       0x2d Drivers/STM32F1xx_HAL_Driver/Src/stm32f1xx_hal_uart.o
 .ARM.attributes
                0x00000000000002b4       0x2d c:/st/stm32cubeide_1.6.0/stm32cubeide/plugins/com.st.stm32cube.ide.mcu.externaltools.gnu-tools-for-stm32.9-2020-q2-update.win32_1.5.0.202011040924/tools/bin/../lib/gcc/arm-none-eabi/9.3.1/../../../../arm-none-eabi/lib/thumb/v7-m/nofp\libc_nano.a(lib_a-init.o)
 .ARM.attributes
                0x00000000000002e1       0x2d c:/st/stm32cubeide_1.6.0/stm32cubeide/plugins/com.st.stm32cube.ide.mcu.externaltools.gnu-tools-for-stm32.9-2020-q2-update.win32_1.5.0.202011040924/tools/bin/../lib/gcc/arm-none-eabi/9.3.1/../../../../arm-none-eabi/lib/thumb/v7-m/nofp\libc_nano.a(lib_a-memset.o)
 .ARM.attributes
                0x000000000000030e       0x1d c:/st/stm32cubeide_1.6.0/stm32cubeide/plugins/com.st.stm32cube.ide.mcu.externaltools.gnu-tools-for-stm32.9-2020-q2-update.win32_1.5.0.202011040924/tools/bin/../lib/gcc/arm-none-eabi/9.3.1/thumb/v7-m/nofp\libgcc.a(_aeabi_uldivmod.o)
 .ARM.attributes
                0x000000000000032b       0x2d c:/st/stm32cubeide_1.6.0/stm32cubeide/plugins/com.st.stm32cube.ide.mcu.externaltools.gnu-tools-for-stm32.9-2020-q2-update.win32_1.5.0.202011040924/tools/bin/../lib/gcc/arm-none-eabi/9.3.1/thumb/v7-m/nofp\libgcc.a(_udivmoddi4.o)
 .ARM.attributes
                0x0000000000000358       0x1d c:/st/stm32cubeide_1.6.0/stm32cubeide/plugins/com.st.stm32cube.ide.mcu.externaltools.gnu-tools-for-stm32.9-2020-q2-update.win32_1.5.0.202011040924/tools/bin/../lib/gcc/arm-none-eabi/9.3.1/thumb/v7-m/nofp\libgcc.a(_dvmd_tls.o)
 .ARM.attributes
                0x0000000000000375       0x1d c:/st/stm32cubeide_1.6.0/stm32cubeide/plugins/com.st.stm32cube.ide.mcu.externaltools.gnu-tools-for-stm32.9-2020-q2-update.win32_1.5.0.202011040924/tools/bin/../lib/gcc/arm-none-eabi/9.3.1/thumb/v7-m/nofp/crtn.o
OUTPUT(IWSM.elf elf32-littlearm)
LOAD linker stubs
LOAD c:/st/stm32cubeide_1.6.0/stm32cubeide/plugins/com.st.stm32cube.ide.mcu.externaltools.gnu-tools-for-stm32.9-2020-q2-update.win32_1.5.0.202011040924/tools/bin/../lib/gcc/arm-none-eabi/9.3.1/../../../../arm-none-eabi/lib/thumb/v7-m/nofp\libc.a
LOAD c:/st/stm32cubeide_1.6.0/stm32cubeide/plugins/com.st.stm32cube.ide.mcu.externaltools.gnu-tools-for-stm32.9-2020-q2-update.win32_1.5.0.202011040924/tools/bin/../lib/gcc/arm-none-eabi/9.3.1/../../../../arm-none-eabi/lib/thumb/v7-m/nofp\libm.a
LOAD c:/st/stm32cubeide_1.6.0/stm32cubeide/plugins/com.st.stm32cube.ide.mcu.externaltools.gnu-tools-for-stm32.9-2020-q2-update.win32_1.5.0.202011040924/tools/bin/../lib/gcc/arm-none-eabi/9.3.1/thumb/v7-m/nofp\libgcc.a

.debug_info     0x0000000000000000     0x6477
 .debug_info    0x0000000000000000      0x3b7 Core/Src/io.o
 .debug_info    0x00000000000003b7      0x3b7 Core/Src/lcd.o
 .debug_info    0x000000000000076e      0xb9d Core/Src/main.o
 .debug_info    0x000000000000130b      0x1eb Core/Src/queue.o
 .debug_info    0x00000000000014f6      0xa88 Core/Src/stm32f1xx_hal_msp.o
 .debug_info    0x0000000000001f7e      0x6a2 Core/Src/stm32f1xx_it.o
 .debug_info    0x0000000000002620      0x2fb Core/Src/system_stm32f1xx.o
 .debug_info    0x000000000000291b      0x385 Core/Src/uart.o
 .debug_info    0x0000000000002ca0       0x22 Core/Startup/startup_stm32f107vctx.o
 .debug_info    0x0000000000002cc2      0x7f2 Drivers/STM32F1xx_HAL_Driver/Src/stm32f1xx_hal.o
 .debug_info    0x00000000000034b4      0xc48 Drivers/STM32F1xx_HAL_Driver/Src/stm32f1xx_hal_cortex.o
 .debug_info    0x00000000000040fc      0x71d Drivers/STM32F1xx_HAL_Driver/Src/stm32f1xx_hal_gpio.o
 .debug_info    0x0000000000004819      0x93c Drivers/STM32F1xx_HAL_Driver/Src/stm32f1xx_hal_rcc.o
 .debug_info    0x0000000000005155     0x1322 Drivers/STM32F1xx_HAL_Driver/Src/stm32f1xx_hal_uart.o

.debug_abbrev   0x0000000000000000     0x189a
 .debug_abbrev  0x0000000000000000      0x1b2 Core/Src/io.o
 .debug_abbrev  0x00000000000001b2      0x1c8 Core/Src/lcd.o
 .debug_abbrev  0x000000000000037a      0x23c Core/Src/main.o
 .debug_abbrev  0x00000000000005b6       0xef Core/Src/queue.o
 .debug_abbrev  0x00000000000006a5      0x1b5 Core/Src/stm32f1xx_hal_msp.o
 .debug_abbrev  0x000000000000085a      0x163 Core/Src/stm32f1xx_it.o
 .debug_abbrev  0x00000000000009bd      0x145 Core/Src/system_stm32f1xx.o
 .debug_abbrev  0x0000000000000b02      0x1d9 Core/Src/uart.o
 .debug_abbrev  0x0000000000000cdb       0x12 Core/Startup/startup_stm32f107vctx.o
 .debug_abbrev  0x0000000000000ced      0x1ed Drivers/STM32F1xx_HAL_Driver/Src/stm32f1xx_hal.o
 .debug_abbrev  0x0000000000000eda      0x313 Drivers/STM32F1xx_HAL_Driver/Src/stm32f1xx_hal_cortex.o
 .debug_abbrev  0x00000000000011ed      0x1e8 Drivers/STM32F1xx_HAL_Driver/Src/stm32f1xx_hal_gpio.o
 .debug_abbrev  0x00000000000013d5      0x255 Drivers/STM32F1xx_HAL_Driver/Src/stm32f1xx_hal_rcc.o
 .debug_abbrev  0x000000000000162a      0x270 Drivers/STM32F1xx_HAL_Driver/Src/stm32f1xx_hal_uart.o

.debug_aranges  0x0000000000000000      0x6f0
 .debug_aranges
                0x0000000000000000       0x48 Core/Src/io.o
 .debug_aranges
                0x0000000000000048       0x60 Core/Src/lcd.o
 .debug_aranges
                0x00000000000000a8       0x48 Core/Src/main.o
 .debug_aranges
                0x00000000000000f0       0x40 Core/Src/queue.o
 .debug_aranges
                0x0000000000000130       0x30 Core/Src/stm32f1xx_hal_msp.o
 .debug_aranges
                0x0000000000000160       0x68 Core/Src/stm32f1xx_it.o
 .debug_aranges
                0x00000000000001c8       0x28 Core/Src/system_stm32f1xx.o
 .debug_aranges
                0x00000000000001f0       0x40 Core/Src/uart.o
 .debug_aranges
                0x0000000000000230       0x28 Core/Startup/startup_stm32f107vctx.o
 .debug_aranges
                0x0000000000000258       0xe0 Drivers/STM32F1xx_HAL_Driver/Src/stm32f1xx_hal.o
 .debug_aranges
                0x0000000000000338      0x100 Drivers/STM32F1xx_HAL_Driver/Src/stm32f1xx_hal_cortex.o
 .debug_aranges
                0x0000000000000438       0x58 Drivers/STM32F1xx_HAL_Driver/Src/stm32f1xx_hal_gpio.o
 .debug_aranges
                0x0000000000000490       0x90 Drivers/STM32F1xx_HAL_Driver/Src/stm32f1xx_hal_rcc.o
 .debug_aranges
                0x0000000000000520      0x1d0 Drivers/STM32F1xx_HAL_Driver/Src/stm32f1xx_hal_uart.o

.debug_ranges   0x0000000000000000      0x618
 .debug_ranges  0x0000000000000000       0x38 Core/Src/io.o
 .debug_ranges  0x0000000000000038       0x50 Core/Src/lcd.o
 .debug_ranges  0x0000000000000088       0x38 Core/Src/main.o
 .debug_ranges  0x00000000000000c0       0x30 Core/Src/queue.o
 .debug_ranges  0x00000000000000f0       0x20 Core/Src/stm32f1xx_hal_msp.o
 .debug_ranges  0x0000000000000110       0x58 Core/Src/stm32f1xx_it.o
 .debug_ranges  0x0000000000000168       0x18 Core/Src/system_stm32f1xx.o
 .debug_ranges  0x0000000000000180       0x30 Core/Src/uart.o
 .debug_ranges  0x00000000000001b0       0x20 Core/Startup/startup_stm32f107vctx.o
 .debug_ranges  0x00000000000001d0       0xd0 Drivers/STM32F1xx_HAL_Driver/Src/stm32f1xx_hal.o
 .debug_ranges  0x00000000000002a0       0xf0 Drivers/STM32F1xx_HAL_Driver/Src/stm32f1xx_hal_cortex.o
 .debug_ranges  0x0000000000000390       0x48 Drivers/STM32F1xx_HAL_Driver/Src/stm32f1xx_hal_gpio.o
 .debug_ranges  0x00000000000003d8       0x80 Drivers/STM32F1xx_HAL_Driver/Src/stm32f1xx_hal_rcc.o
 .debug_ranges  0x0000000000000458      0x1c0 Drivers/STM32F1xx_HAL_Driver/Src/stm32f1xx_hal_uart.o

.debug_macro    0x0000000000000000    0x1e4ed
 .debug_macro   0x0000000000000000      0x1b1 Core/Src/io.o
 .debug_macro   0x00000000000001b1      0xa9c Core/Src/io.o
 .debug_macro   0x0000000000000c4d      0x215 Core/Src/io.o
 .debug_macro   0x0000000000000e62       0x2e Core/Src/io.o
 .debug_macro   0x0000000000000e90       0x22 Core/Src/io.o
 .debug_macro   0x0000000000000eb2       0x22 Core/Src/io.o
 .debug_macro   0x0000000000000ed4       0x8e Core/Src/io.o
 .debug_macro   0x0000000000000f62       0x51 Core/Src/io.o
 .debug_macro   0x0000000000000fb3      0x103 Core/Src/io.o
 .debug_macro   0x00000000000010b6       0x6a Core/Src/io.o
 .debug_macro   0x0000000000001120      0x1df Core/Src/io.o
 .debug_macro   0x00000000000012ff       0x1c Core/Src/io.o
 .debug_macro   0x000000000000131b       0x22 Core/Src/io.o
 .debug_macro   0x000000000000133d       0xc3 Core/Src/io.o
 .debug_macro   0x0000000000001400      0xd23 Core/Src/io.o
 .debug_macro   0x0000000000002123    0x15c52 Core/Src/io.o
 .debug_macro   0x0000000000017d75       0x43 Core/Src/io.o
 .debug_macro   0x0000000000017db8     0x3468 Core/Src/io.o
 .debug_macro   0x000000000001b220      0x174 Core/Src/io.o
 .debug_macro   0x000000000001b394       0x5c Core/Src/io.o
 .debug_macro   0x000000000001b3f0      0x5be Core/Src/io.o
 .debug_macro   0x000000000001b9ae      0x6b4 Core/Src/io.o
 .debug_macro   0x000000000001c062      0x1cb Core/Src/io.o
 .debug_macro   0x000000000001c22d      0x114 Core/Src/io.o
 .debug_macro   0x000000000001c341      0x214 Core/Src/io.o
 .debug_macro   0x000000000001c555       0x27 Core/Src/io.o
 .debug_macro   0x000000000001c57c      0x13c Core/Src/io.o
 .debug_macro   0x000000000001c6b8      0x1bc Core/Src/io.o
 .debug_macro   0x000000000001c874       0x30 Core/Src/io.o
 .debug_macro   0x000000000001c8a4       0x3c Core/Src/io.o
 .debug_macro   0x000000000001c8e0       0x57 Core/Src/io.o
 .debug_macro   0x000000000001c937       0x88 Core/Src/io.o
 .debug_macro   0x000000000001c9bf      0x24f Core/Src/io.o
 .debug_macro   0x000000000001cc0e      0x141 Core/Src/io.o
 .debug_macro   0x000000000001cd4f      0x26b Core/Src/io.o
 .debug_macro   0x000000000001cfba       0xdf Core/Src/io.o
 .debug_macro   0x000000000001d099      0x100 Core/Src/io.o
 .debug_macro   0x000000000001d199      0x201 Core/Src/lcd.o
 .debug_macro   0x000000000001d39a      0x1bb Core/Src/main.o
 .debug_macro   0x000000000001d555       0x7c Core/Src/queue.o
 .debug_macro   0x000000000001d5d1       0x22 Core/Src/queue.o
 .debug_macro   0x000000000001d5f3      0x19d Core/Src/stm32f1xx_hal_msp.o
 .debug_macro   0x000000000001d790      0x1b1 Core/Src/stm32f1xx_it.o
 .debug_macro   0x000000000001d941      0x18e Core/Src/system_stm32f1xx.o
 .debug_macro   0x000000000001dacf      0x1b6 Core/Src/uart.o
 .debug_macro   0x000000000001dc85      0x1b2 Drivers/STM32F1xx_HAL_Driver/Src/stm32f1xx_hal.o
 .debug_macro   0x000000000001de37      0x18e Drivers/STM32F1xx_HAL_Driver/Src/stm32f1xx_hal_cortex.o
 .debug_macro   0x000000000001dfc5      0x1f9 Drivers/STM32F1xx_HAL_Driver/Src/stm32f1xx_hal_gpio.o
 .debug_macro   0x000000000001e1be      0x1a0 Drivers/STM32F1xx_HAL_Driver/Src/stm32f1xx_hal_rcc.o
 .debug_macro   0x000000000001e35e      0x18f Drivers/STM32F1xx_HAL_Driver/Src/stm32f1xx_hal_uart.o

.debug_line     0x0000000000000000     0x7b30
 .debug_line    0x0000000000000000      0x7cd Core/Src/io.o
 .debug_line    0x00000000000007cd      0x831 Core/Src/lcd.o
 .debug_line    0x0000000000000ffe      0x7c3 Core/Src/main.o
 .debug_line    0x00000000000017c1      0x453 Core/Src/queue.o
 .debug_line    0x0000000000001c14      0x6a3 Core/Src/stm32f1xx_hal_msp.o
 .debug_line    0x00000000000022b7      0x731 Core/Src/stm32f1xx_it.o
 .debug_line    0x00000000000029e8      0x701 Core/Src/system_stm32f1xx.o
 .debug_line    0x00000000000030e9      0x71d Core/Src/uart.o
 .debug_line    0x0000000000003806       0x86 Core/Startup/startup_stm32f107vctx.o
 .debug_line    0x000000000000388c      0x8f9 Drivers/STM32F1xx_HAL_Driver/Src/stm32f1xx_hal.o
 .debug_line    0x0000000000004185      0xadf Drivers/STM32F1xx_HAL_Driver/Src/stm32f1xx_hal_cortex.o
 .debug_line    0x0000000000004c64      0x98e Drivers/STM32F1xx_HAL_Driver/Src/stm32f1xx_hal_gpio.o
 .debug_line    0x00000000000055f2      0xe3d Drivers/STM32F1xx_HAL_Driver/Src/stm32f1xx_hal_rcc.o
 .debug_line    0x000000000000642f     0x1701 Drivers/STM32F1xx_HAL_Driver/Src/stm32f1xx_hal_uart.o

.debug_str      0x0000000000000000    0xae4ac
 .debug_str     0x0000000000000000    0xac47f Core/Src/io.o
                                      0xac7c2 (size before relaxing)
 .debug_str     0x00000000000ac47f      0x287 Core/Src/lcd.o
                                      0xac951 (size before relaxing)
 .debug_str     0x00000000000ac706      0x627 Core/Src/main.o
                                      0xacd76 (size before relaxing)
 .debug_str     0x00000000000acd2d       0xe3 Core/Src/queue.o
                                       0x3d73 (size before relaxing)
 .debug_str     0x00000000000ace10      0x3c2 Core/Src/stm32f1xx_hal_msp.o
                                      0xacefa (size before relaxing)
 .debug_str     0x00000000000ad1d2       0xce Core/Src/stm32f1xx_it.o
                                      0xacb01 (size before relaxing)
 .debug_str     0x00000000000ad2a0       0x85 Core/Src/system_stm32f1xx.o
                                      0xac3a3 (size before relaxing)
 .debug_str     0x00000000000ad325       0x8f Core/Src/uart.o
                                      0xac7c8 (size before relaxing)
 .debug_str     0x00000000000ad3b4       0x36 Core/Startup/startup_stm32f107vctx.o
                                         0x6e (size before relaxing)
 .debug_str     0x00000000000ad3ea      0x304 Drivers/STM32F1xx_HAL_Driver/Src/stm32f1xx_hal.o
                                      0xacaf2 (size before relaxing)
 .debug_str     0x00000000000ad6ee      0x300 Drivers/STM32F1xx_HAL_Driver/Src/stm32f1xx_hal_cortex.o
                                      0xacaec (size before relaxing)
 .debug_str     0x00000000000ad9ee      0x316 Drivers/STM32F1xx_HAL_Driver/Src/stm32f1xx_hal_gpio.o
                                      0xac73a (size before relaxing)
 .debug_str     0x00000000000add04      0x26a Drivers/STM32F1xx_HAL_Driver/Src/stm32f1xx_hal_rcc.o
                                      0xac7e0 (size before relaxing)
 .debug_str     0x00000000000adf6e      0x53e Drivers/STM32F1xx_HAL_Driver/Src/stm32f1xx_hal_uart.o
                                      0xacc6b (size before relaxing)

.comment        0x0000000000000000       0x53
 .comment       0x0000000000000000       0x53 Core/Src/io.o
                                         0x54 (size before relaxing)
 .comment       0x0000000000000053       0x54 Core/Src/lcd.o
 .comment       0x0000000000000053       0x54 Core/Src/main.o
 .comment       0x0000000000000053       0x54 Core/Src/queue.o
 .comment       0x0000000000000053       0x54 Core/Src/stm32f1xx_hal_msp.o
 .comment       0x0000000000000053       0x54 Core/Src/stm32f1xx_it.o
 .comment       0x0000000000000053       0x54 Core/Src/system_stm32f1xx.o
 .comment       0x0000000000000053       0x54 Core/Src/uart.o
 .comment       0x0000000000000053       0x54 Drivers/STM32F1xx_HAL_Driver/Src/stm32f1xx_hal.o
 .comment       0x0000000000000053       0x54 Drivers/STM32F1xx_HAL_Driver/Src/stm32f1xx_hal_cortex.o
 .comment       0x0000000000000053       0x54 Drivers/STM32F1xx_HAL_Driver/Src/stm32f1xx_hal_gpio.o
 .comment       0x0000000000000053       0x54 Drivers/STM32F1xx_HAL_Driver/Src/stm32f1xx_hal_rcc.o
 .comment       0x0000000000000053       0x54 Drivers/STM32F1xx_HAL_Driver/Src/stm32f1xx_hal_uart.o

.debug_frame    0x0000000000000000     0x1a24
 .debug_frame   0x0000000000000000       0xd8 Core/Src/io.o
 .debug_frame   0x00000000000000d8      0x158 Core/Src/lcd.o
 .debug_frame   0x0000000000000230       0xcc Core/Src/main.o
 .debug_frame   0x00000000000002fc       0xd0 Core/Src/queue.o
 .debug_frame   0x00000000000003cc       0x80 Core/Src/stm32f1xx_hal_msp.o
 .debug_frame   0x000000000000044c      0x120 Core/Src/stm32f1xx_it.o
 .debug_frame   0x000000000000056c       0x58 Core/Src/system_stm32f1xx.o
 .debug_frame   0x00000000000005c4       0xbc Core/Src/uart.o
 .debug_frame   0x0000000000000680      0x334 Drivers/STM32F1xx_HAL_Driver/Src/stm32f1xx_hal.o
 .debug_frame   0x00000000000009b4      0x428 Drivers/STM32F1xx_HAL_Driver/Src/stm32f1xx_hal_cortex.o
 .debug_frame   0x0000000000000ddc      0x14c Drivers/STM32F1xx_HAL_Driver/Src/stm32f1xx_hal_gpio.o
 .debug_frame   0x0000000000000f28      0x21c Drivers/STM32F1xx_HAL_Driver/Src/stm32f1xx_hal_rcc.o
 .debug_frame   0x0000000000001144      0x834 Drivers/STM32F1xx_HAL_Driver/Src/stm32f1xx_hal_uart.o
 .debug_frame   0x0000000000001978       0x2c c:/st/stm32cubeide_1.6.0/stm32cubeide/plugins/com.st.stm32cube.ide.mcu.externaltools.gnu-tools-for-stm32.9-2020-q2-update.win32_1.5.0.202011040924/tools/bin/../lib/gcc/arm-none-eabi/9.3.1/../../../../arm-none-eabi/lib/thumb/v7-m/nofp\libc_nano.a(lib_a-init.o)
 .debug_frame   0x00000000000019a4       0x20 c:/st/stm32cubeide_1.6.0/stm32cubeide/plugins/com.st.stm32cube.ide.mcu.externaltools.gnu-tools-for-stm32.9-2020-q2-update.win32_1.5.0.202011040924/tools/bin/../lib/gcc/arm-none-eabi/9.3.1/../../../../arm-none-eabi/lib/thumb/v7-m/nofp\libc_nano.a(lib_a-memset.o)
 .debug_frame   0x00000000000019c4       0x2c c:/st/stm32cubeide_1.6.0/stm32cubeide/plugins/com.st.stm32cube.ide.mcu.externaltools.gnu-tools-for-stm32.9-2020-q2-update.win32_1.5.0.202011040924/tools/bin/../lib/gcc/arm-none-eabi/9.3.1/thumb/v7-m/nofp\libgcc.a(_aeabi_uldivmod.o)
 .debug_frame   0x00000000000019f0       0x34 c:/st/stm32cubeide_1.6.0/stm32cubeide/plugins/com.st.stm32cube.ide.mcu.externaltools.gnu-tools-for-stm32.9-2020-q2-update.win32_1.5.0.202011040924/tools/bin/../lib/gcc/arm-none-eabi/9.3.1/thumb/v7-m/nofp\libgcc.a(_udivmoddi4.o)
